build/src/plugin.cpp.d:1: *** multiple target patterns.  Stop.
